// Jest Snapshot v1, https://goo.gl/fbAQLP

exports[`Layouts - default component matches snapshot 1`] = `
<div
  class="v-application v-application--is-ltr theme--dark"
  data-app="true"
  id="app"
>
  <div
    class="v-application--wrap"
  >
    <header
      class="v-sheet theme--dark v-toolbar v-app-bar v-app-bar--fixed"
      style="height: 64px; margin-top: 0px; transform: translateY(0px); left: 0px; right: 0px;"
    >
      <div
        class="v-toolbar__content"
        style="height: 64px;"
      >
        <button
          class="v-app-bar__nav-icon v-btn v-btn--flat v-btn--icon v-btn--round theme--dark v-size--default"
          type="button"
        >
          <span
            class="v-btn__content"
          >
            <i
              aria-hidden="true"
              class="v-icon notranslate mdi mdi-menu theme--dark"
            />
          </span>
        </button>
         
        <div
          class="spacer"
        />
         
        <div
          class="v-toolbar__title"
        >
          <nuxt-link-stub
            class="v-btn v-btn--block v-btn--depressed v-btn--router v-btn--tile theme--dark v-size--x-large"
          >
            <span
              class="v-btn__content"
            >
              
      Smart Foreman
    
            </span>
          </nuxt-link-stub>
        </div>
         
        <div
          class="spacer"
        />
         
        <nuxt-link-stub
          class="v-btn v-btn--flat v-btn--router v-btn--text theme--dark v-size--default"
        >
          <span
            class="v-btn__content"
          >
            <i
              aria-hidden="true"
              class="v-icon notranslate v-icon--left mdi mdi-account-plus theme--dark"
            />
            Register
  
          </span>
        </nuxt-link-stub>
         
        <nuxt-link-stub
          class="v-btn v-btn--flat v-btn--router v-btn--text theme--dark v-size--default"
        >
          <span
            class="v-btn__content"
          >
            <i
              aria-hidden="true"
              class="v-icon notranslate v-icon--left mdi mdi-account-hard-hat theme--dark"
            />
            
    Login
  
          </span>
        </nuxt-link-stub>
      </div>
    </header>
     
    <main
      class="v-main"
      style="padding: 64px 0px 0px 0px;"
    >
      <div
        class="v-main__wrap"
      >
        <div
          class="container container--fluid"
        >
          <nuxt-stub />
        </div>
      </div>
    </main>
  </div>
</div>
`;
